node.exe : FAIL 
lib/yaml-to-graph.test.ts
At C:\Program 
Files\nodejs\npx.ps1:29 
char:3
+   & $NODE_EXE $NPX_CLI_JS 
$args
+   
~~~~~~~~~~~~~~~~~~~~~~~~~~~~~
    + CategoryInfo           
   : NotSpecified: (FAIL li  
  b/yaml-to-graph.test.ts:   
 String) [], RemoteExcept    
ion
    + FullyQualifiedErrorId  
   : NativeCommandError
 
  yaml-to-graph parser
    ÔêÜ should return empty 
arrays for invalid or empty 
YAML (7 ms)
    ├ù should parse a basic 
component and create START 
and END nodes (17 ms)

  ÔùÅ yaml-to-graph parser 
ÔÇ║ should parse a basic 
component and create START 
and END nodes

    ReferenceError: 
structuredClone is not 
defined

    [0m [90m 24 |[39m     
})[33m;[39m
     [90m 25 |[39m
    
[31m[1m>[22m[39m[90m 26 
|[39m     dagre[33m.[39mla
yout(dagreGraph)[33m;[39m
     [90m    |[39m         
  [31m[1m^[22m[39m
     [90m 27 |[39m
     [90m 28 |[39m     
[36mconst[39m 
layoutedNodes [33m=[39m 
nodes[33m.[39mmap((node) 
[33m=>[39m {
     [90m 29 |[39m         
[36mconst[39m 
nodeWithPosition [33m=[39m 
dagreGraph[33m.[39mnode(nod
e[33m.[39mid)[33m;[39m[0
m

      at order (node_modules/
@dagrejs/dagre/lib/order/inde
x.js:58:16)
      at fn (node_modules/@da
grejs/dagre/lib/layout.js:45:
44)
      at time (node_modules/@
dagrejs/dagre/lib/util.js:275
:10)
      at runLayout (node_modu
les/@dagrejs/dagre/lib/layout
.js:45:3)
      at fn (node_modules/@da
grejs/dagre/lib/layout.js:24:
38)
      at time (node_modules/@
dagrejs/dagre/lib/util.js:275
:10)
      at fn (node_modules/@da
grejs/dagre/lib/layout.js:24:
5)
      at time (node_modules/@
dagrejs/dagre/lib/util.js:275
:10)
      at Object.layout (node_
modules/@dagrejs/dagre/lib/la
yout.js:21:10)
      at autoLayout 
(lib/auto-layout.ts:26:11)
      at parseYamlToGraph 
(lib/yaml-to-graph.ts:128:22)
      at Object.<anonymous> (
lib/yaml-to-graph.test.ts:24:
50)

Test Suites: 1 failed, 1 
total
Tests:       1 failed, 1 
passed, 2 total
Snapshots:   0 total
Time:        3.172 s
Ran all test suites.
